// Jest Snapshot v1, https://goo.gl/fbAQLP

exports[`testing button google button matches snapshot 1`] = `
<div
  className="google-btn"
  data-testid="google_btn"
>
  <div
    className="google-icon-wrapper"
  >
    <img
      className="google-icon"
      data-testid="google_image"
      src="https://upload.wikimedia.org/wikipedia/commons/5/53/Google_%22G%22_Logo.svg"
    />
  </div>
  <p
    className="btn-text"
    data-testid="text"
  >
    <b />
  </p>
</div>
`;
